[2m[WebServer] [22m [33m[1m⚠[22m[39m Port 3000 is in use, trying 3001 instead.
[2m[WebServer] [22m [33m[1m⚠[22m[39m Port 3001 is in use, trying 3002 instead.
[2m[WebServer] [22m [33m[1m⚠[22m[39m Port 3002 is in use, trying 3003 instead.
Error: No tests found.
Make sure that arguments are regular expressions matching test files.
You may need to escape symbols like "$" or "*" and quote the arguments.

